../Core/Src/mlx90632.c:47:9:mlx90632_trigger_measurement	16	static
../Core/Src/mlx90632.c:61:9:mlx90632_wait_for_measurement	24	static
../Core/Src/mlx90632.c:90:9:mlx90632_start_measurement	16	static
../Core/Src/mlx90632.c:116:16:mlx90632_channel_new_select	24	static
../Core/Src/mlx90632.c:149:16:mlx90632_read_temp_ambient_raw	24	static
../Core/Src/mlx90632.c:187:16:mlx90632_read_temp_object_raw	40	static
../Core/Src/mlx90632.c:223:9:mlx90632_read_temp_raw_wo_wait	32	static
../Core/Src/mlx90632.c:239:9:mlx90632_read_temp_raw	40	static
../Core/Src/mlx90632.c:253:9:mlx90632_read_temp_raw_burst	40	static
../Core/Src/mlx90632.c:270:8:mlx90632_preprocess_temp_ambient	40	static
../Core/Src/mlx90632.c:280:8:mlx90632_preprocess_temp_object	40	static
../Core/Src/mlx90632.c:292:8:mlx90632_calc_temp_ambient	72	static
../Core/Src/mlx90632.c:328:15:mlx90632_calc_temp_object_iteration	144	static
../Core/Src/mlx90632.c:376:15:mlx90632_calc_temp_object_iteration_reflected	144	static
../Core/Src/mlx90632.c:400:6:mlx90632_set_emissivity	16	static
../Core/Src/mlx90632.c:405:8:mlx90632_get_emissivity	8	static
../Core/Src/mlx90632.c:417:8:mlx90632_calc_temp_object	80	static
../Core/Src/mlx90632.c:438:8:mlx90632_calc_temp_object_reflected	104	static
../Core/Src/mlx90632.c:469:9:mlx90632_init	16	static
../Core/Src/mlx90632.c:503:9:mlx90632_addressed_reset	16	static
../Core/Src/mlx90632.c:530:9:mlx90632_get_measurement_time	24	static
../Core/Src/mlx90632.c:545:9:mlx90632_calculate_dataset_ready_time	16	static
../Core/Src/mlx90632.c:595:9:mlx90632_trigger_measurement_burst	16	static
../Core/Src/mlx90632.c:611:9:mlx90632_wait_for_measurement_burst	24	static
../Core/Src/mlx90632.c:640:9:mlx90632_start_measurement_burst	16	static
../Core/Src/mlx90632.c:657:9:mlx90632_trigger_measurement_single	16	static
../Core/Src/mlx90632.c:678:16:mlx90632_unlock_eeprom	8	static
../Core/Src/mlx90632.c:683:16:mlx90632_wait_for_eeprom_not_busy	16	static
../Core/Src/mlx90632.c:696:16:mlx90632_erase_eeprom	24	static
../Core/Src/mlx90632.c:711:16:mlx90632_write_eeprom	24	static
../Core/Src/mlx90632.c:730:9:mlx90632_set_refresh_rate	32	static
../Core/Src/mlx90632.c:761:17:mlx90632_get_refresh_rate	16	static
../Core/Src/mlx90632.c:773:9:mlx90632_get_channel_position	16	static
